[init] login status=200 token_len=615
════════ 05-cognitive: /api/v1/cognitive/diagnose ════════

[probe] diagnose → POST /api/v1/cognitive/diagnose
  status=400 code=None msg=None

════════ 05-cognitive: /api/v1/cognitive/demo/wave3 ════════

[probe] demo/wave3 → POST /api/v1/cognitive/demo/wave3
  status=400 code=None msg=None

════════ 06-cheng: /api/v1/knowledge/compliance-rules/{id} ════════

[probe] rule/test-spel-1 → GET /api/v1/knowledge/compliance-rules/test-spel-1
  status=500 code=None msg=None

[probe] rule/test-legacy-1 → GET /api/v1/knowledge/compliance-rules/test-legacy-1
  status=500 code=None msg=None

════════ 06-cheng: /api/v1/knowledge/compliance-rules (list, 看 500 根因) ════════

[probe] compliance-rules/list → GET /api/v1/knowledge/compliance-rules
  status=500 code=None msg=None

════════ 03-onto: /api/v1/ontology/domains (403 recorded) ════════

[probe] ontology/domains → GET /api/v1/ontology/domains
  status=403 code=403 msg=准入等级不足: 您的等级为 L0，该资源需要 L1内部 (L1)

[probe] ecos/domains → GET /api/v1/ecos/domains
  status=403 code=403 msg=准入等级不足: 您的等级为 L0，该资源需要 L1内部 (L1)

[probe] ontology/domains/search → GET /api/v1/ontology/domains/search?q=&limit=20
  status=403 code=403 msg=准入等级不足: 您的等级为 L0，该资源需要 L1内部 (L1)

[done]
