=== hermes kanban boards ===
    SLUG                      NAME                          COUNTS
●   default                   Default                       (empty)
    aaa                       Aaa                           (empty)
    coderkanban               编程看板                          done=18
    ecos                      Ecos                          blocked=2, done=22, running=6, todo=12

Current board: default
Switch boards with `hermes kanban boards switch <slug>`.

=== Dispatching ecos-be:PMO-38批次1-sysman-kb ===
{
  "root_id": "t_46718bfb",
  "worker_ids": [
    "t_d45a9f20"
  ],
  "verifier_id": "t_b1abcc91",
  "synthesizer_id": "t_eececa8a"
}

=== Dispatching ecos-be:PMO-39批次2-cognitive ===
{
  "root_id": "t_bbb0cfa0",
  "worker_ids": [
    "t_b40d584f"
  ],
  "verifier_id": "t_acbf4a05",
  "synthesizer_id": "t_e284cfcd"
}

=== Dispatching ecos-be:PMO-40批次3-ai-data ===
{
  "root_id": "t_d7d08605",
  "worker_ids": [
    "t_260940f4"
  ],
  "verifier_id": "t_3ccd06e8",
  "synthesizer_id": "t_a1ec47dd"
}

=== Dispatching ecos-be:PMO-41前端路径修正 ===
{
  "root_id": "t_8fe72be2",
  "worker_ids": [
    "t_448ed2bb"
  ],
  "verifier_id": "t_d1ad3bca",
  "synthesizer_id": "t_7d597404"
}

=== Dispatching ecos-be:PMO-43边界基建网络 ===
{
  "root_id": "t_04a6ee19",
  "worker_ids": [
    "t_64e6e69e"
  ],
  "verifier_id": "t_6d63b733",
  "synthesizer_id": "t_5d803bd9"
}

=== Dispatching ecos-be:PMO-44i18n主题图标安全 ===
{
  "root_id": "t_e95460a4",
  "worker_ids": [
    "t_8986e024"
  ],
  "verifier_id": "t_c14e22ca",
  "synthesizer_id": "t_48efbdbe"
}

=== 6 swarm dispatched ===
Saved JSON: /tmp/pmo38.json, /tmp/pmo39.json, /tmp/pmo40.json, /tmp/pmo41.json, /tmp/pmo43.json, /tmp/pmo44.json
